0 [139777995335488] INFO perfrun.launcher <> - Launcher main begin
1 [139777995335488] INFO perfrun.launcher <> - MessageCatalogInit finished
1 [139777995335488] INFO perfrun.launcher <> - Launcher instance created
1 [139777995335488] INFO perfrun.launcher <> - argc = 7; cmdline = /opt/intel/oneapi/vtune/2025.3/bin64/amplxe-runss --ui-output-format xml --ui-output-fd 5 --option-file /home/gprendi/Quine-McCluskey/profiler/config/runss.options 
30 [139777995335488] INFO perfrun.perfcollector <> - SEP tool path: /opt/intel/oneapi/vtune/2025.3/bin64/sep
37 [139777995335488] INFO perfrun.launcher <> - create msngr2::ICliToolContext
37 [139777995335488] INFO perfrun.launcher <> - create file finder object
37 [139777995335488] INFO perfrun.launcher <> - create a result directory: pattern = /home/gprendi/Quine-McCluskey/profiler pid = 4294967295
38 [139777995335488] INFO perfrun.sdk <> - checked that the directory /home/gprendi/Quine-McCluskey/profiler is a local directory
38 [139777995335488] INFO perfrun.sdk <> - the directory /home/gprendi/Quine-McCluskey/profiler is a local directory with FS type ID 61267
38 [139777995335488] INFO perfrun.launcher <> - create data directory = /home/gprendi/Quine-McCluskey/profiler/data.0
38 [139777995335488] INFO perfrun.launcher <> - Creating the master collection flag
40 [139777995335488] INFO perfrun.launcher <> - Done creating the master collection flag
41 [139777844176576] INFO perfrun.launcher <> - plugin [remoteplug] was disabled because it doesn't support the given collection type.
41 [139777844176576] INFO perfrun.sdk <> - Allocating TMU :/home/gprendi/Quine-McCluskey/profiler/data.0/systemcollector-24574-instance-20250523-120150.sc
41 [139777844176576] INFO perfrun.system <> - Tpss based collection
41 [139777844176576] INFO perfrun.launcher <> - plugin [ptracecollector] was disabled because it doesn't support the given collection type.
41 [139777844176576] INFO perfrun.launcher <> - plugin [gpu] was disabled because it doesn't support the given collection type.
41 [139777844176576] INFO perfrun.launcher <> - plugin [] was disabled because it doesn't support the given collection type.
41 [139777844176576] INFO perfrun.launcher <> - plugin [] was disabled because it doesn't support the given collection type.
41 [139777844176576] INFO perfrun.launcher <> - plugin [] was disabled because it doesn't support the given collection type.
41 [139777844176576] INFO perfrun.mrte <> - system-wide mode is 0
41 [139777844176576] INFO perfrun.mrte <> - Getting  mrte profiling environment ...
49 [139777844176576] INFO perfrun.mrte <> - INTEL_MRTE_DATA_DIR=/home/gprendi/Quine-McCluskey/profiler/data.0
49 [139777844176576] INFO perfrun.mrte <> - INTEL_MRTE_HOST_NAME=instance-20250523-120150
49 [139777844176576] INFO perfrun.mrte <> - JAVA_TOOL_OPTIONS=-agentlib:amplxe_samplingmrte_javaprof_1.0 -Dsun.boot.library.path=/opt/intel/oneapi/vtune/2025.3/lib32/runtime:/opt/intel/oneapi/vtune/2025.3/lib64/runtime
49 [139777844176576] INFO perfrun.mrte <> - LD_LIBRARY_PATH=/opt/intel/oneapi/vtune/2025.3/lib32/runtime:/opt/intel/oneapi/vtune/2025.3/lib64/runtime
49 [139777844176576] INFO perfrun.mrte <> - CORECLR_ENABLE_PROFILING=1
49 [139777844176576] INFO perfrun.mrte <> - CORECLR_PROFILER={AA5E4821-E3B1-479c-B7FF-5AD047D22CED}
49 [139777844176576] INFO perfrun.mrte <> - CORECLR_PROFILER_PATH=/opt/intel/oneapi/vtune/2025.3/lib64/libamplxe_samplingmrte_clrprof_1.0.so
49 [139777844176576] INFO perfrun.mrte <> - INTEL_MRTE_PROFILER_MODE=mixed
49 [139777844176576] INFO perfrun.mrte <> - Data directory: /home/gprendi/Quine-McCluskey/profiler/data.0
49 [139777844176576] INFO perfrun.mrte <> - Mrte plugin is initialized
49 [139777844176576] INFO perfrun.launcher <> - plugin [emon] was disabled because it doesn't support the given collection type.
49 [139777844176576] INFO perfrun.launcher <> - plugin [cuscol] was disabled because it doesn't support the given collection type.
49 [139777844176576] INFO perfrun.launcher <> - plugin [stdsrc] was disabled because it doesn't support the given collection type.
49 [139777844176576] INFO perfrun.launcher <> - plugin [sep] was disabled because it doesn't support the given collection type.
49 [139777844176576] INFO perfrun.launcher <> - plugin [vtsspp] was disabled because it doesn't support the given collection type.
49 [139777844176576] INFO perfrun.launcher <> - plugin [perf] was disabled because it doesn't support the given collection type.
49 [139777844176576] INFO perfrun.launcher <> - plugin [aoclprofile] was disabled because it doesn't support the given collection type.
49 [139777844176576] INFO perfrun.tpss <> - initialize tpss controller
49 [139777844176576] INFO perfrun.tpss <> - configure collection mode: value = cpu:counters:nostack
49 [139777844176576] INFO perfrun.tpss <> - configure collection mode: value = cpu:stack
49 [139777844176576] INFO perfrun.tpss <> - default obj-size-min=1024
49 [139777844176576] INFO perfrun.tpss <> - default hash-table-size=0
49 [139777844176576] INFO perfrun.launcher <> - plugin [media] was disabled because it doesn't support the given collection type.
49 [139777844176576] INFO perfrun.launcher <> - plugin [] was disabled because it doesn't support the given collection type.
49 [139777844176576] INFO perfrun.launcher <> - plugin [] was disabled because it doesn't support the given collection type.
49 [139777844176576] INFO perfrun.launcher <> - plugin [parallelfs] was disabled because it doesn't support the given collection type.
49 [139777844176576] INFO perfrun.launcher <> - plugin [power] was disabled because it doesn't support the given collection type.
49 [139777844176576] INFO perfrun.launcher <> - plugin [] was disabled because it doesn't support the given collection type.
49 [139777844176576] INFO perfrun.launcher <> - plugin [] was disabled because it doesn't support the given collection type.
49 [139777844176576] INFO perfrun.launcher <> - plugin [] was disabled because it doesn't support the given collection type.
49 [139777844176576] INFO perfrun.launcher <> - plugin [l0_metrics] was disabled because it doesn't support the given collection type.
49 [139777844176576] INFO perfrun.launcher <> - plugin [stall_reasons] was disabled because it doesn't support the given collection type.
49 [139777995335488] INFO perfrun.launcher <> - set environment variable: LD_LIBRARY_PATH = /opt/intel/oneapi/vtune/2025.3/lib32/runtime:/opt/intel/oneapi/vtune/2025.3/lib64/runtime
50 [139777995335488] INFO perfrun.launcher <> - set environment variable: INTEL_LIBITTNOTIFY32 = /opt/intel/oneapi/vtune/2025.3/lib32/runtime/libittnotify_collector.so
50 [139777995335488] INFO perfrun.launcher <> - set environment variable: INTEL_LIBITTNOTIFY64 = /opt/intel/oneapi/vtune/2025.3/lib64/runtime/libittnotify_collector.so
50 [139777995335488] INFO perfrun.launcher <> - set environment variable: INTEL_ITTNOTIFY_GROUPS = 
50 [139777995335488] INFO perfrun.launcher <> - set environment variable: INTEL_JIT_PROFILER32 = /opt/intel/oneapi/vtune/2025.3/lib32/runtime/libittnotify_collector.so
50 [139777995335488] INFO perfrun.launcher <> - set environment variable: INTEL_JIT_PROFILER64 = /opt/intel/oneapi/vtune/2025.3/lib64/runtime/libittnotify_collector.so
50 [139777995335488] INFO perfrun.launcher <> - set environment variable: CCL_ITT_LEVEL = 1
50 [139777995335488] INFO perfrun.launcher <> - set environment variable: ENABLE_JITPROFILING = 1
50 [139777995335488] INFO perfrun.launcher <> - set environment variable: CL_CONFIG_USE_VTUNE = True
50 [139777995335488] INFO perfrun.launcher <> - set environment variable: KMP_FORKJOIN_FRAMES = 0
50 [139777995335488] INFO perfrun.launcher <> - set environment variable: KMP_FORKJOIN_FRAMES_MODE = 0
50 [139777995335488] INFO perfrun.launcher <> - set environment variable: INTEL_MRTE_DATA_DIR = /home/gprendi/Quine-McCluskey/profiler/data.0
50 [139777995335488] INFO perfrun.launcher <> - set environment variable: INTEL_MRTE_HOST_NAME = instance-20250523-120150
50 [139777995335488] INFO perfrun.launcher <> - set environment variable: JAVA_TOOL_OPTIONS = -agentlib:amplxe_samplingmrte_javaprof_1.0 -Dsun.boot.library.path=/opt/intel/oneapi/vtune/2025.3/lib32/runtime:/opt/intel/oneapi/vtune/2025.3/lib64/runtime
50 [139777995335488] INFO perfrun.launcher <> - set environment variable: LD_LIBRARY_PATH = /opt/intel/oneapi/vtune/2025.3/lib32/runtime:/opt/intel/oneapi/vtune/2025.3/lib64/runtime
50 [139777995335488] INFO perfrun.launcher <> - set environment variable: CORECLR_ENABLE_PROFILING = 1
50 [139777995335488] INFO perfrun.launcher <> - set environment variable: CORECLR_PROFILER = {AA5E4821-E3B1-479c-B7FF-5AD047D22CED}
50 [139777995335488] INFO perfrun.launcher <> - set environment variable: CORECLR_PROFILER_PATH = /opt/intel/oneapi/vtune/2025.3/lib64/libamplxe_samplingmrte_clrprof_1.0.so
50 [139777995335488] INFO perfrun.launcher <> - set environment variable: INTEL_MRTE_PROFILER_MODE = mixed
50 [139777995335488] INFO perfrun.launcher <> - RpcServer: run RPC server to handle requests
51 [139777995335488] INFO perfrun.launcher <> - Launcher: command line to start before modification = ./benchmark_denseqmc 22 99
51 [139777995335488] INFO perfrun.launcher <> - Launcher: command line to start after modification = /opt/intel/oneapi/vtune/2025.3/bin64/pin -error_file /home/gprendi/Quine-McCluskey/profiler/data.0/pinerr.tpsslog -detach_reattach -follow_execv -tool_load_option deepbind -t64 /opt/intel/oneapi/vtune/2025.3/lib64/libtpsstool.so -t /opt/intel/oneapi/vtune/2025.3/lib32/libtpsstool.so -server_name tpss_ipc.24574 -prd_dir /opt/intel/oneapi/vtune/2025.3 -- ./benchmark_denseqmc 22 99
51 [139777995335488] INFO perfrun.launcher <> - ProcessCreator object was created
52 [139777995335488] INFO perfrun.launcher <> - Launcher: the process was started in suspend mode
52 [139777844176576] WARN perfrun.system <> - Folder "/sys/kernel/debug/kvm"doesn't exist, at file: vcs/perfrun1/plugins/system/src/trace_writer.cpp:720
53 [139777844176576] WARN perfrun.system <> - Folder "/var/run/libvirt/qemu/"doesn't exist, at file: vcs/perfrun1/plugins/system/src/trace_writer.cpp:800
53 [139777844176576] INFO perfrun.sdk <> - runCmd: /opt/intel/oneapi/vtune/2025.3/bin64/sep -platform-info
54 [139777844176576] INFO perfrun.sdk <> - runCmd started PID 24580
60 [139777844176576] WARN perfrun.sdk <> - SEP driver is not available, at file: vcs/perfrun1/plugins/pluginsdk/src/device_mapper.cpp:1083
60 [139777844176576] INFO perfrun.sdk <> - UBOX DID = 2014 LNID offset = c0 GID offset = d4
60 [139777844176576] ERROR perfrun.sdk <> - Found no UBOXes for platform 85, at file: vcs/perfrun1/plugins/pluginsdk/src/device_mapper.cpp:1488
62 [139777844176576] INFO perfrun.sdk <> - runCmd: /opt/intel/oneapi/vtune/2025.3/bin64/sep -platform-info
63 [139777844176576] INFO perfrun.sdk <> - runCmd started PID 24581
69 [139777844176576] WARN perfrun.sdk <> - SEP driver is not available, at file: vcs/perfrun1/plugins/pluginsdk/src/device_mapper.cpp:1083
69 [139777844176576] INFO perfrun.sdk <> - UBOX DID = 2014 LNID offset = c0 GID offset = d4
69 [139777844176576] ERROR perfrun.sdk <> - Found no UBOXes for platform 85, at file: vcs/perfrun1/plugins/pluginsdk/src/device_mapper.cpp:1488
69 [139777844176576] WARN perfrun.sdk <> - Failed to find xl binary on any of the system paths: /bin, /sbin, /usr/bin, /usr/sbin., at file: vcs/perfrun1/sdk/src/utils.cpp:205
69 [139777844176576] WARN perfrun.system <> - Could not start ContainerMapping collector, at file: vcs/perfrun1/plugins/system/src/controller.cpp:450
72 [139777844176576] INFO perfrun.vdso <> - Helper runtool '/opt/intel/oneapi/vtune/2025.3/bin32/amplxe-runss -dump-vdso -r /home/gprendi/Quine-McCluskey/profiler --tmp-dir /tmp/amplxe-tmp-root' returned 1
129 [139777844176576] INFO perfrun.vdso <> - Helper runtool '/opt/intel/oneapi/vtune/2025.3/bin64/amplxe-runss -dump-vdso -r /home/gprendi/Quine-McCluskey/profiler --tmp-dir /tmp/amplxe-tmp-root' returned 0
129 [139777844176576] INFO perfrun.itt <> - start itt controller for pid #24579
130 [139777844176576] INFO perfrun.tpss <> - start tpss controller for pid #24579
180 [139777995335488] INFO perfrun.launcher <> - Launcher: all plugins were started
180 [139777995335488] INFO perfrun.launcher <> - DirectoryMonitor object was created
180 [139777995335488] INFO perfrun.launcher <> - DirectoryMonitor: a callback was added
180 [139777995335488] INFO perfrun.launcher <> - DirectoryMonitor was started with pingTime = 1000
180 [139777995335488] INFO perfrun.launcher <> - DeadlineTimer is going to be constructed
180 [139777995335488] INFO perfrun.launcher <> - DeadlineTimer: a callback was added
184 [139777995335488] INFO perfrun.launcher <> - Launcher: resume the profiled application and  wait its termination or stop command
32945 [139777995335488] INFO perfrun.launcher <> - Launcher: the profiled application was terminated  with exit code = 0
32948 [139777844176576] INFO perfrun.itt <> - detach itt controller
32948 [139777844176576] INFO perfrun.itt <> - detach itt controller done
32948 [139777844176576] INFO perfrun.tpss <> - stop tpss controller
32948 [139777844176576] INFO perfrun.sdk <> - De-allocating TMU: /home/gprendi/Quine-McCluskey/profiler/data.0/systemcollector-24574-instance-20250523-120150.sc
32948 [139777844176576] INFO perfrun.system <> - closed the system trace file: /home/gprendi/Quine-McCluskey/profiler/data.0/systemcollector-24574-instance-20250523-120150.sc
32948 [139777995335488] INFO perfrun.launcher <> - Launcher: all plugins were stopped.
32948 [139777995335488] INFO perfrun.launcher <> - DeadlineTimer is going to be destroyed
32948 [139777995335488] INFO perfrun.launcher <> - DeadlineTimer was destroyed
32948 [139777995335488] INFO perfrun.launcher <> - DirectoryMonitor object was destroyed
32948 [139777995335488] WARN perfrun.launcher <> - Stop command is ignored because it is received when collection is already stopped, at file: vcs/perfrun1/launcher/src/command_handler.cpp:226
32948 [139777995335488] INFO perfrun.launcher <> - Application exit code: 0
32948 [139777995335488] INFO perfrun.launcher <> - Exit code: 0
